REGULAR_WEEKLY
True
Extracting data for period: 2025-12-01 00:00:00 - 2025-12-08 00:00:00
Fetching data from 2025-12-01 00:00:00 to 2025-12-02 12:00:00
Fetching data from 2025-12-02 12:00:00 to 2025-12-04 00:00:00
Fetching data from 2025-12-04 00:00:00 to 2025-12-05 12:00:00
Fetching data from 2025-12-05 12:00:00 to 2025-12-07 00:00:00
Fetching data from 2025-12-07 00:00:00 to 2025-12-08 00:00:00
Usage data for requested days is extracted
SSH agent started and key added successfully from /home/opc/.ssh/aspecta_git
Adding CSV file /home/opc/python_projects/focus_reporting/save/usage_hourly_2025_12.csv to the staging area...
Committing changes with message: Add new CSV file to save subfolder
Pushing changes to branch: master
Process has finished successfully
Exit status: 0
REGULAR_WEEKLY
True
Extracting data for period: 2025-12-01 00:00:00 - 2025-12-15 00:00:00
Fetching data from 2025-12-01 00:00:00 to 2025-12-02 12:00:00
Fetching data from 2025-12-02 12:00:00 to 2025-12-04 00:00:00
Fetching data from 2025-12-04 00:00:00 to 2025-12-05 12:00:00
Fetching data from 2025-12-05 12:00:00 to 2025-12-07 00:00:00
Fetching data from 2025-12-07 00:00:00 to 2025-12-08 12:00:00
Fetching data from 2025-12-08 12:00:00 to 2025-12-10 00:00:00
Fetching data from 2025-12-10 00:00:00 to 2025-12-11 12:00:00
Fetching data from 2025-12-11 12:00:00 to 2025-12-13 00:00:00
Fetching data from 2025-12-13 00:00:00 to 2025-12-14 12:00:00
Fetching data from 2025-12-14 12:00:00 to 2025-12-15 00:00:00
Usage data for requested days is extracted
SSH agent started and key added successfully from /home/opc/.ssh/aspecta_git
Adding CSV file /home/opc/python_projects/focus_reporting/save/usage_hourly_2025_12.csv to the staging area...
Committing changes with message: Add new CSV file to save subfolder
Pushing changes to branch: master
Process has finished successfully
Exit status: 0
REGULAR_WEEKLY
True
Extracting data for period: 2025-12-01 00:00:00 - 2025-12-22 00:00:00
Fetching data from 2025-12-01 00:00:00 to 2025-12-02 12:00:00
Fetching data from 2025-12-02 12:00:00 to 2025-12-04 00:00:00
Fetching data from 2025-12-04 00:00:00 to 2025-12-05 12:00:00
Fetching data from 2025-12-05 12:00:00 to 2025-12-07 00:00:00
Fetching data from 2025-12-07 00:00:00 to 2025-12-08 12:00:00
Fetching data from 2025-12-08 12:00:00 to 2025-12-10 00:00:00
Fetching data from 2025-12-10 00:00:00 to 2025-12-11 12:00:00
Fetching data from 2025-12-11 12:00:00 to 2025-12-13 00:00:00
Fetching data from 2025-12-13 00:00:00 to 2025-12-14 12:00:00
Fetching data from 2025-12-14 12:00:00 to 2025-12-16 00:00:00
Fetching data from 2025-12-16 00:00:00 to 2025-12-17 12:00:00
Fetching data from 2025-12-17 12:00:00 to 2025-12-19 00:00:00
Fetching data from 2025-12-19 00:00:00 to 2025-12-20 12:00:00
Fetching data from 2025-12-20 12:00:00 to 2025-12-22 00:00:00
Usage data for requested days is extracted
SSH agent started and key added successfully from /home/opc/.ssh/aspecta_git
Adding CSV file /home/opc/python_projects/focus_reporting/save/usage_hourly_2025_12.csv to the staging area...
Committing changes with message: Add new CSV file to save subfolder
Pushing changes to branch: master
Process has finished successfully
Exit status: 0
REGULAR_WEEKLY
True
Extracting data for period: 2025-12-01 00:00:00 - 2025-12-29 00:00:00
Fetching data from 2025-12-01 00:00:00 to 2025-12-02 12:00:00
Fetching data from 2025-12-02 12:00:00 to 2025-12-04 00:00:00
Fetching data from 2025-12-04 00:00:00 to 2025-12-05 12:00:00
Fetching data from 2025-12-05 12:00:00 to 2025-12-07 00:00:00
Fetching data from 2025-12-07 00:00:00 to 2025-12-08 12:00:00
Fetching data from 2025-12-08 12:00:00 to 2025-12-10 00:00:00
Fetching data from 2025-12-10 00:00:00 to 2025-12-11 12:00:00
Fetching data from 2025-12-11 12:00:00 to 2025-12-13 00:00:00
Fetching data from 2025-12-13 00:00:00 to 2025-12-14 12:00:00
Fetching data from 2025-12-14 12:00:00 to 2025-12-16 00:00:00
Fetching data from 2025-12-16 00:00:00 to 2025-12-17 12:00:00
Fetching data from 2025-12-17 12:00:00 to 2025-12-19 00:00:00
Fetching data from 2025-12-19 00:00:00 to 2025-12-20 12:00:00
Fetching data from 2025-12-20 12:00:00 to 2025-12-22 00:00:00
Fetching data from 2025-12-22 00:00:00 to 2025-12-23 12:00:00
Fetching data from 2025-12-23 12:00:00 to 2025-12-25 00:00:00
Fetching data from 2025-12-25 00:00:00 to 2025-12-26 12:00:00
Fetching data from 2025-12-26 12:00:00 to 2025-12-28 00:00:00
Fetching data from 2025-12-28 00:00:00 to 2025-12-29 00:00:00
Usage data for requested days is extracted
SSH agent started and key added successfully from /home/opc/.ssh/aspecta_git
Adding CSV file /home/opc/python_projects/focus_reporting/save/usage_hourly_2025_12.csv to the staging area...
Committing changes with message: Add new CSV file to save subfolder
Pushing changes to branch: master
Process has finished successfully
Exit status: 0
REGULAR_MONTHLY
True
Extracting data for period: 2025-12-29 00:00:00 - 2026-01-01 00:00:00
Fetching data from 2025-12-29 00:00:00 to 2025-12-30 12:00:00
Fetching data from 2025-12-30 12:00:00 to 2026-01-01 00:00:00
Usage data for requested days is extracted
g_csvFilePath: /home/opc/python_projects/focus_reporting/save/usage_hourly_2025_12.csv
g_csvFileName: usage_hourly_2025_12.csv
Failed to send email: Connection unexpectedly closed
SSH agent started and key added successfully from /home/opc/.ssh/aspecta_git
Adding CSV file /home/opc/python_projects/focus_reporting/save/usage_hourly_2025_12.csv to the staging area...
Committing changes with message: Add new CSV file to save subfolder
Pushing changes to branch: master
Process has finished successfully
Exit status: 0
REGULAR_WEEKLY
True
Extracting data for period: 2026-01-01 00:00:00 - 2026-01-05 00:00:00
Fetching data from 2026-01-01 00:00:00 to 2026-01-02 12:00:00
Fetching data from 2026-01-02 12:00:00 to 2026-01-04 00:00:00
Fetching data from 2026-01-04 00:00:00 to 2026-01-05 00:00:00
Usage data for requested days is extracted
SSH agent started and key added successfully from /home/opc/.ssh/aspecta_git
Adding CSV file /home/opc/python_projects/focus_reporting/save/usage_hourly_2026_01.csv to the staging area...
Committing changes with message: Add new CSV file to save subfolder
Pushing changes to branch: master
Process has finished successfully
Exit status: 0
REGULAR_WEEKLY
True
Extracting data for period: 2026-01-01 00:00:00 - 2026-01-12 00:00:00
Fetching data from 2026-01-01 00:00:00 to 2026-01-02 12:00:00
Fetching data from 2026-01-02 12:00:00 to 2026-01-04 00:00:00
Fetching data from 2026-01-04 00:00:00 to 2026-01-05 12:00:00
Fetching data from 2026-01-05 12:00:00 to 2026-01-07 00:00:00
Fetching data from 2026-01-07 00:00:00 to 2026-01-08 12:00:00
Fetching data from 2026-01-08 12:00:00 to 2026-01-10 00:00:00
Fetching data from 2026-01-10 00:00:00 to 2026-01-11 12:00:00
Fetching data from 2026-01-11 12:00:00 to 2026-01-12 00:00:00
Usage data for requested days is extracted
SSH agent started and key added successfully from /home/opc/.ssh/aspecta_git
Adding CSV file /home/opc/python_projects/focus_reporting/save/usage_hourly_2026_01.csv to the staging area...
Committing changes with message: Add new CSV file to save subfolder
Pushing changes to branch: master
Process has finished successfully
Exit status: 0
REGULAR_WEEKLY
True
Extracting data for period: 2026-01-01 00:00:00 - 2026-01-19 00:00:00
Fetching data from 2026-01-01 00:00:00 to 2026-01-02 12:00:00
Fetching data from 2026-01-02 12:00:00 to 2026-01-04 00:00:00
Fetching data from 2026-01-04 00:00:00 to 2026-01-05 12:00:00
Fetching data from 2026-01-05 12:00:00 to 2026-01-07 00:00:00
Fetching data from 2026-01-07 00:00:00 to 2026-01-08 12:00:00
Fetching data from 2026-01-08 12:00:00 to 2026-01-10 00:00:00
Fetching data from 2026-01-10 00:00:00 to 2026-01-11 12:00:00
Fetching data from 2026-01-11 12:00:00 to 2026-01-13 00:00:00
Fetching data from 2026-01-13 00:00:00 to 2026-01-14 12:00:00
Fetching data from 2026-01-14 12:00:00 to 2026-01-16 00:00:00
Fetching data from 2026-01-16 00:00:00 to 2026-01-17 12:00:00
Fetching data from 2026-01-17 12:00:00 to 2026-01-19 00:00:00
Usage data for requested days is extracted
SSH agent started and key added successfully from /home/opc/.ssh/aspecta_git
Adding CSV file /home/opc/python_projects/focus_reporting/save/usage_hourly_2026_01.csv to the staging area...
Committing changes with message: Add new CSV file to save subfolder
Pushing changes to branch: master
Process has finished successfully
Exit status: 0
REGULAR_WEEKLY
True
Extracting data for period: 2026-01-01 00:00:00 - 2026-01-26 00:00:00
Fetching data from 2026-01-01 00:00:00 to 2026-01-02 12:00:00
Fetching data from 2026-01-02 12:00:00 to 2026-01-04 00:00:00
Fetching data from 2026-01-04 00:00:00 to 2026-01-05 12:00:00
Fetching data from 2026-01-05 12:00:00 to 2026-01-07 00:00:00
Fetching data from 2026-01-07 00:00:00 to 2026-01-08 12:00:00
Fetching data from 2026-01-08 12:00:00 to 2026-01-10 00:00:00
Fetching data from 2026-01-10 00:00:00 to 2026-01-11 12:00:00
Fetching data from 2026-01-11 12:00:00 to 2026-01-13 00:00:00
Fetching data from 2026-01-13 00:00:00 to 2026-01-14 12:00:00
Fetching data from 2026-01-14 12:00:00 to 2026-01-16 00:00:00
Fetching data from 2026-01-16 00:00:00 to 2026-01-17 12:00:00
Fetching data from 2026-01-17 12:00:00 to 2026-01-19 00:00:00
Fetching data from 2026-01-19 00:00:00 to 2026-01-20 12:00:00
Fetching data from 2026-01-20 12:00:00 to 2026-01-22 00:00:00
Fetching data from 2026-01-22 00:00:00 to 2026-01-23 12:00:00
Fetching data from 2026-01-23 12:00:00 to 2026-01-25 00:00:00
Fetching data from 2026-01-25 00:00:00 to 2026-01-26 00:00:00
Usage data for requested days is extracted
SSH agent started and key added successfully from /home/opc/.ssh/aspecta_git
Adding CSV file /home/opc/python_projects/focus_reporting/save/usage_hourly_2026_01.csv to the staging area...
Committing changes with message: Add new CSV file to save subfolder
Pushing changes to branch: master
Process has finished successfully
Exit status: 0
REGULAR_MONTHLY
True
Extracting data for period: 2026-01-26 00:00:00 - 2026-02-01 00:00:00
Fetching data from 2026-01-26 00:00:00 to 2026-01-27 12:00:00
Fetching data from 2026-01-27 12:00:00 to 2026-01-29 00:00:00
Fetching data from 2026-01-29 00:00:00 to 2026-01-30 12:00:00
Fetching data from 2026-01-30 12:00:00 to 2026-02-01 00:00:00
Usage data for requested days is extracted
g_csvFilePath: /home/opc/python_projects/focus_reporting/save/usage_hourly_2026_01.csv
g_csvFileName: usage_hourly_2026_01.csv
Failed to send email: Connection unexpectedly closed
SSH agent started and key added successfully from /home/opc/.ssh/aspecta_git
Adding CSV file /home/opc/python_projects/focus_reporting/save/usage_hourly_2026_01.csv to the staging area...
Committing changes with message: Add new CSV file to save subfolder
Pushing changes to branch: master
Process has finished successfully
Exit status: 0
REGULAR_WEEKLY
True
Extracting data for period: 2026-02-01 00:00:00 - 2026-02-02 00:00:00
Fetching data from 2026-02-01 00:00:00 to 2026-02-02 00:00:00
Usage data for requested days is extracted
SSH agent started and key added successfully from /home/opc/.ssh/aspecta_git
Adding CSV file /home/opc/python_projects/focus_reporting/save/usage_hourly_2026_02.csv to the staging area...
Committing changes with message: Add new CSV file to save subfolder
Pushing changes to branch: master
Process has finished successfully
Exit status: 0
REGULAR_WEEKLY
True
Extracting data for period: 2026-02-01 00:00:00 - 2026-02-09 00:00:00
Fetching data from 2026-02-01 00:00:00 to 2026-02-02 12:00:00
Fetching data from 2026-02-02 12:00:00 to 2026-02-04 00:00:00
Fetching data from 2026-02-04 00:00:00 to 2026-02-05 12:00:00
Fetching data from 2026-02-05 12:00:00 to 2026-02-07 00:00:00
Fetching data from 2026-02-07 00:00:00 to 2026-02-08 12:00:00
Fetching data from 2026-02-08 12:00:00 to 2026-02-09 00:00:00
Usage data for requested days is extracted
SSH agent started and key added successfully from /home/opc/.ssh/aspecta_git
Adding CSV file /home/opc/python_projects/focus_reporting/save/usage_hourly_2026_02.csv to the staging area...
Committing changes with message: Add new CSV file to save subfolder
Pushing changes to branch: master
Process has finished successfully
Exit status: 0
REGULAR_WEEKLY
True
Extracting data for period: 2026-02-01 00:00:00 - 2026-02-16 00:00:00
Fetching data from 2026-02-01 00:00:00 to 2026-02-02 12:00:00
Fetching data from 2026-02-02 12:00:00 to 2026-02-04 00:00:00
Fetching data from 2026-02-04 00:00:00 to 2026-02-05 12:00:00
Fetching data from 2026-02-05 12:00:00 to 2026-02-07 00:00:00
Fetching data from 2026-02-07 00:00:00 to 2026-02-08 12:00:00
Fetching data from 2026-02-08 12:00:00 to 2026-02-10 00:00:00
Fetching data from 2026-02-10 00:00:00 to 2026-02-11 12:00:00
Fetching data from 2026-02-11 12:00:00 to 2026-02-13 00:00:00
Fetching data from 2026-02-13 00:00:00 to 2026-02-14 12:00:00
Fetching data from 2026-02-14 12:00:00 to 2026-02-16 00:00:00
Usage data for requested days is extracted
SSH agent started and key added successfully from /home/opc/.ssh/aspecta_git
Adding CSV file /home/opc/python_projects/focus_reporting/save/usage_hourly_2026_02.csv to the staging area...
Committing changes with message: Add new CSV file to save subfolder
Pushing changes to branch: master
Process has finished successfully
Exit status: 0
REGULAR_WEEKLY
True
Extracting data for period: 2026-02-01 00:00:00 - 2026-02-23 00:00:00
Fetching data from 2026-02-01 00:00:00 to 2026-02-02 12:00:00
Fetching data from 2026-02-02 12:00:00 to 2026-02-04 00:00:00
Fetching data from 2026-02-04 00:00:00 to 2026-02-05 12:00:00
Fetching data from 2026-02-05 12:00:00 to 2026-02-07 00:00:00
Fetching data from 2026-02-07 00:00:00 to 2026-02-08 12:00:00
Fetching data from 2026-02-08 12:00:00 to 2026-02-10 00:00:00
Fetching data from 2026-02-10 00:00:00 to 2026-02-11 12:00:00
Fetching data from 2026-02-11 12:00:00 to 2026-02-13 00:00:00
Fetching data from 2026-02-13 00:00:00 to 2026-02-14 12:00:00
Fetching data from 2026-02-14 12:00:00 to 2026-02-16 00:00:00
Fetching data from 2026-02-16 00:00:00 to 2026-02-17 12:00:00
Fetching data from 2026-02-17 12:00:00 to 2026-02-19 00:00:00
Fetching data from 2026-02-19 00:00:00 to 2026-02-20 12:00:00
Fetching data from 2026-02-20 12:00:00 to 2026-02-22 00:00:00
Fetching data from 2026-02-22 00:00:00 to 2026-02-23 00:00:00
Usage data for requested days is extracted
SSH agent started and key added successfully from /home/opc/.ssh/aspecta_git
Adding CSV file /home/opc/python_projects/focus_reporting/save/usage_hourly_2026_02.csv to the staging area...
Committing changes with message: Add new CSV file to save subfolder
Pushing changes to branch: master
Process has finished successfully
Exit status: 0
REGULAR_MONTHLY
True
Extracting data for period: 2026-02-23 00:00:00 - 2026-03-01 00:00:00
Fetching data from 2026-02-23 00:00:00 to 2026-02-24 12:00:00
Fetching data from 2026-02-24 12:00:00 to 2026-02-26 00:00:00
Fetching data from 2026-02-26 00:00:00 to 2026-02-27 12:00:00
Fetching data from 2026-02-27 12:00:00 to 2026-03-01 00:00:00
Usage data for requested days is extracted
g_csvFilePath: /home/opc/python_projects/focus_reporting/save/usage_hourly_2026_02.csv
g_csvFileName: usage_hourly_2026_02.csv
Failed to send email: Connection unexpectedly closed
SSH agent started and key added successfully from /home/opc/.ssh/aspecta_git
Adding CSV file /home/opc/python_projects/focus_reporting/save/usage_hourly_2026_02.csv to the staging area...
Committing changes with message: Add new CSV file to save subfolder
Pushing changes to branch: master
Process has finished successfully
Exit status: 0
REGULAR_WEEKLY
True
Extracting data for period: 2026-03-01 00:00:00 - 2026-03-02 00:00:00
Fetching data from 2026-03-01 00:00:00 to 2026-03-02 00:00:00
Usage data for requested days is extracted
SSH agent started and key added successfully from /home/opc/.ssh/aspecta_git
Adding CSV file /home/opc/python_projects/focus_reporting/save/usage_hourly_2026_03.csv to the staging area...
Committing changes with message: Add new CSV file to save subfolder
Pushing changes to branch: master
Process has finished successfully
Exit status: 0
REGULAR_WEEKLY
True
Extracting data for period: 2026-03-01 00:00:00 - 2026-03-09 00:00:00
Fetching data from 2026-03-01 00:00:00 to 2026-03-02 12:00:00
Fetching data from 2026-03-02 12:00:00 to 2026-03-04 00:00:00
Fetching data from 2026-03-04 00:00:00 to 2026-03-05 12:00:00
Fetching data from 2026-03-05 12:00:00 to 2026-03-07 00:00:00
Fetching data from 2026-03-07 00:00:00 to 2026-03-08 12:00:00
Fetching data from 2026-03-08 12:00:00 to 2026-03-09 00:00:00
Usage data for requested days is extracted
SSH agent started and key added successfully from /home/opc/.ssh/aspecta_git
Adding CSV file /home/opc/python_projects/focus_reporting/save/usage_hourly_2026_03.csv to the staging area...
Committing changes with message: Add new CSV file to save subfolder
Pushing changes to branch: master
Process has finished successfully
Exit status: 0
REGULAR_WEEKLY
True
Extracting data for period: 2026-03-01 00:00:00 - 2026-03-16 00:00:00
Fetching data from 2026-03-01 00:00:00 to 2026-03-02 12:00:00
Fetching data from 2026-03-02 12:00:00 to 2026-03-04 00:00:00
Fetching data from 2026-03-04 00:00:00 to 2026-03-05 12:00:00
Fetching data from 2026-03-05 12:00:00 to 2026-03-07 00:00:00
Fetching data from 2026-03-07 00:00:00 to 2026-03-08 12:00:00
Fetching data from 2026-03-08 12:00:00 to 2026-03-10 00:00:00
Fetching data from 2026-03-10 00:00:00 to 2026-03-11 12:00:00
Fetching data from 2026-03-11 12:00:00 to 2026-03-13 00:00:00
Fetching data from 2026-03-13 00:00:00 to 2026-03-14 12:00:00
Fetching data from 2026-03-14 12:00:00 to 2026-03-16 00:00:00
Usage data for requested days is extracted
SSH agent started and key added successfully from /home/opc/.ssh/aspecta_git
Adding CSV file /home/opc/python_projects/focus_reporting/save/usage_hourly_2026_03.csv to the staging area...
Committing changes with message: Add new CSV file to save subfolder
Pushing changes to branch: master
Process has finished successfully
Exit status: 0
REGULAR_WEEKLY
True
Extracting data for period: 2026-03-01 00:00:00 - 2026-03-23 00:00:00
Fetching data from 2026-03-01 00:00:00 to 2026-03-02 12:00:00
Fetching data from 2026-03-02 12:00:00 to 2026-03-04 00:00:00
Fetching data from 2026-03-04 00:00:00 to 2026-03-05 12:00:00
Fetching data from 2026-03-05 12:00:00 to 2026-03-07 00:00:00
Fetching data from 2026-03-07 00:00:00 to 2026-03-08 12:00:00
Fetching data from 2026-03-08 12:00:00 to 2026-03-10 00:00:00
Fetching data from 2026-03-10 00:00:00 to 2026-03-11 12:00:00
Fetching data from 2026-03-11 12:00:00 to 2026-03-13 00:00:00
Fetching data from 2026-03-13 00:00:00 to 2026-03-14 12:00:00
Fetching data from 2026-03-14 12:00:00 to 2026-03-16 00:00:00
Fetching data from 2026-03-16 00:00:00 to 2026-03-17 12:00:00
Fetching data from 2026-03-17 12:00:00 to 2026-03-19 00:00:00
Fetching data from 2026-03-19 00:00:00 to 2026-03-20 12:00:00
Fetching data from 2026-03-20 12:00:00 to 2026-03-22 00:00:00
Fetching data from 2026-03-22 00:00:00 to 2026-03-23 00:00:00
Usage data for requested days is extracted
SSH agent started and key added successfully from /home/opc/.ssh/aspecta_git
Adding CSV file /home/opc/python_projects/focus_reporting/save/usage_hourly_2026_03.csv to the staging area...
Committing changes with message: Add new CSV file to save subfolder
Pushing changes to branch: master
Process has finished successfully
Exit status: 0
